// Jest Snapshot v1, https://goo.gl/fbAQLP

exports[`<Snackbar /> can render a default snackbar message 1`] = `ShallowWrapper {}`;

exports[`<Snackbar /> can render a success snackbar message 1`] = `ShallowWrapper {}`;

exports[`<Snackbar /> can render a warning snackbar message 1`] = `ShallowWrapper {}`;

exports[`<Snackbar /> can render an error snackbar message 1`] = `ShallowWrapper {}`;
