// Jest Snapshot v1, https://goo.gl/fbAQLP

exports[`Test <AvailableOrganisationUnitsTree /> rendering: Should render OrgUnitTree when ready 1`] = `
<div
  style={
    Object {
      "border": "solid 1px #bcbcbc",
      "boxSizing": "border-box",
      "overflow": "auto",
      "width": "100%",
    }
  }
>
  <OrgUnitTreeMultipleRoots
    hideMemberCount={true}
    initiallyExpanded={Array []}
    onSelectClick={[Function]}
    roots={Array []}
    selected={Array []}
  />
</div>
`;

exports[`Test <AvailableOrganisationUnitsTree /> rendering: Should render a loading message when not ready 1`] = `
<span>
  Updating Organisation Units Tree...
</span>
`;
