// Jest Snapshot v1, https://goo.gl/fbAQLP

exports[`<BarChart/> Should match the snapshot 1`] = `
<ReportLoader
  content={
    Object {
      "data": Object {
        "datasets": Array [
          Object {
            "backgroundColor": "rgba(39, 102, 150, 0.6)",
            "borderColor": "rgb(39, 102, 150)",
            "borderWidth": 1,
            "data": Array [
              18,
              26,
              58,
              7,
              4,
            ],
            "hoverBackgroundColor": "rgba(39, 102, 150, 0.8)",
            "label": "Count",
          },
        ],
        "labels": Array [
          "CHP",
          "CHC",
          "MCHP",
          "Clinic",
          "Hospital",
        ],
      },
      "options": Object {
        "animation": Object {
          "duration": 180,
        },
        "legend": Object {
          "fontFamily": "'Roboto', sans-serif",
          "position": "bottom",
        },
        "title": Object {
          "display": true,
          "fontFamily": "'Roboto', sans-serif",
          "fontSize": "16",
          "text": "CHP - Bo",
        },
      },
    }
  }
  isLoading={false}
>
  <div
    className="chart"
  >
    <Bar
      data={
        Object {
          "datasets": Array [
            Object {
              "backgroundColor": "rgba(39, 102, 150, 0.6)",
              "borderColor": "rgb(39, 102, 150)",
              "borderWidth": 1,
              "data": Array [
                18,
                26,
                58,
                7,
                4,
              ],
              "hoverBackgroundColor": "rgba(39, 102, 150, 0.8)",
              "label": "Count",
            },
          ],
          "labels": Array [
            "CHP",
            "CHC",
            "MCHP",
            "Clinic",
            "Hospital",
          ],
        }
      }
      options={
        Object {
          "animation": Object {
            "duration": 180,
          },
          "legend": Object {
            "fontFamily": "'Roboto', sans-serif",
            "position": "bottom",
          },
          "title": Object {
            "display": true,
            "fontFamily": "'Roboto', sans-serif",
            "fontSize": "16",
            "text": "CHP - Bo",
          },
        }
      }
    />
  </div>
</ReportLoader>
`;
