// Jest Snapshot v1, https://goo.gl/fbAQLP

exports[`Test <PeriodPickerWithPeriodType /> rendering: It should render a <PeriodTypeDropDown/> and <PeriodPicker/> when selectedPeriodType is truthy 1`] = `ShallowWrapper {}`;

exports[`Test <PeriodPickerWithPeriodType /> rendering: It should render a <PeriodTypeDropDown/> when selectedPeriodType is falsy 1`] = `ShallowWrapper {}`;

exports[`Test <PeriodPickerWithPeriodType /> rendering: It should render the parsed period when a period has been selected 1`] = `ShallowWrapper {}`;
