// Jest Snapshot v1, https://goo.gl/fbAQLP

exports[`Test <PeriodTypeDropDown /> rendering: It should render a <DropDown /> when ready 1`] = `
<DropDown
  emptyLabel="Select Period Type"
  fullWidth={true}
  hintText="Select Period Type"
/>
`;

exports[`Test <PeriodTypeDropDown /> rendering: It should render a loading message when not ready 1`] = `
<span
  style={
    Object {
      "color": "#f44336",
    }
  }
>
  Loading period types dropdown
</span>
`;
